// Jest Snapshot v1, https://goo.gl/fbAQLP

exports[`render app 1`] = `
<div
  className="ImageCard"
>
  <a
    href="/show/1"
    onClick={[Function]}
  >
    <img
      alt="Under the Dome"
      src="https://static.tvmaze.com/uploads/images/medium_portrait/81/202627.jpg"
    />
  </a>
  <span
    className="rating"
    style={
      Object {
        "direction": "ltr",
        "display": "inline-block",
      }
    }
  >
    <span
      onClick={[Function]}
      onMouseMove={[Function]}
      onTouchEnd={[Function]}
      onTouchMove={[Function]}
      style={
        Object {
          "cursor": "inherit",
          "display": "inline-block",
          "position": "relative",
        }
      }
    >
      <span
        style={
          Object {
            "visibility": "hidden",
          }
        }
      >
        <span
          className="fa fa-star-o medium"
        />
      </span>
      <span
        style={
          Object {
            "display": "inline-block",
            "left": 0,
            "overflow": "hidden",
            "position": "absolute",
            "top": 0,
            "width": "100%",
          }
        }
      >
        <span
          className="fa fa-star medium"
        />
      </span>
    </span>
    <span
      onClick={[Function]}
      onMouseMove={[Function]}
      onTouchEnd={[Function]}
      onTouchMove={[Function]}
      style={
        Object {
          "cursor": "inherit",
          "display": "inline-block",
          "position": "relative",
        }
      }
    >
      <span
        style={
          Object {
            "visibility": "hidden",
          }
        }
      >
        <span
          className="fa fa-star-o medium"
        />
      </span>
      <span
        style={
          Object {
            "display": "inline-block",
            "left": 0,
            "overflow": "hidden",
            "position": "absolute",
            "top": 0,
            "width": "100%",
          }
        }
      >
        <span
          className="fa fa-star medium"
        />
      </span>
    </span>
    <span
      onClick={[Function]}
      onMouseMove={[Function]}
      onTouchEnd={[Function]}
      onTouchMove={[Function]}
      style={
        Object {
          "cursor": "inherit",
          "display": "inline-block",
          "position": "relative",
        }
      }
    >
      <span
        style={
          Object {
            "visibility": "hidden",
          }
        }
      >
        <span
          className="fa fa-star-o medium"
        />
      </span>
      <span
        style={
          Object {
            "display": "inline-block",
            "left": 0,
            "overflow": "hidden",
            "position": "absolute",
            "top": 0,
            "width": "100%",
          }
        }
      >
        <span
          className="fa fa-star medium"
        />
      </span>
    </span>
    <span
      onClick={[Function]}
      onMouseMove={[Function]}
      onTouchEnd={[Function]}
      onTouchMove={[Function]}
      style={
        Object {
          "cursor": "inherit",
          "display": "inline-block",
          "position": "relative",
        }
      }
    >
      <span
        style={Object {}}
      >
        <span
          className="fa fa-star-o medium"
        />
      </span>
      <span
        style={
          Object {
            "display": "inline-block",
            "left": 0,
            "overflow": "hidden",
            "position": "absolute",
            "top": 0,
            "width": "29.999999999999982%",
          }
        }
      >
        <span
          className="fa fa-star medium"
        />
      </span>
    </span>
    <span
      onClick={[Function]}
      onMouseMove={[Function]}
      onTouchEnd={[Function]}
      onTouchMove={[Function]}
      style={
        Object {
          "cursor": "inherit",
          "display": "inline-block",
          "position": "relative",
        }
      }
    >
      <span
        style={Object {}}
      >
        <span
          className="fa fa-star-o medium"
        />
      </span>
      <span
        style={
          Object {
            "display": "inline-block",
            "left": 0,
            "overflow": "hidden",
            "position": "absolute",
            "top": 0,
            "width": "0%",
          }
        }
      >
        <span
          className="fa fa-star medium"
        />
      </span>
    </span>
  </span>
  <p>
    Under the Dome
  </p>
</div>
`;
