// Jest Snapshot v1, https://goo.gl/fbAQLP

exports[`render app 1`] = `
<div>
  <div
    className="header show-header"
  >
    <div
      className="container"
    >
      <div
        className="flex-grid"
      >
        <div
          className="img-placeholder"
        >
          <img />
        </div>
        <div>
          <h3 />
          <div
            className="flex-grid"
            style={
              Object {
                "marginTop": "1rem",
              }
            }
          >
            <span
              className="rating"
              style={
                Object {
                  "direction": "ltr",
                  "display": "inline-block",
                }
              }
            >
              <span
                onClick={[Function]}
                onMouseMove={[Function]}
                onTouchEnd={[Function]}
                onTouchMove={[Function]}
                style={
                  Object {
                    "cursor": "inherit",
                    "display": "inline-block",
                    "position": "relative",
                  }
                }
              >
                <span
                  style={Object {}}
                >
                  <span
                    className="fa fa-star-o medium"
                  />
                </span>
                <span
                  style={
                    Object {
                      "display": "inline-block",
                      "left": 0,
                      "overflow": "hidden",
                      "position": "absolute",
                      "top": 0,
                      "width": "0%",
                    }
                  }
                >
                  <span
                    className="fa fa-star medium"
                  />
                </span>
              </span>
              <span
                onClick={[Function]}
                onMouseMove={[Function]}
                onTouchEnd={[Function]}
                onTouchMove={[Function]}
                style={
                  Object {
                    "cursor": "inherit",
                    "display": "inline-block",
                    "position": "relative",
                  }
                }
              >
                <span
                  style={Object {}}
                >
                  <span
                    className="fa fa-star-o medium"
                  />
                </span>
                <span
                  style={
                    Object {
                      "display": "inline-block",
                      "left": 0,
                      "overflow": "hidden",
                      "position": "absolute",
                      "top": 0,
                      "width": "0%",
                    }
                  }
                >
                  <span
                    className="fa fa-star medium"
                  />
                </span>
              </span>
              <span
                onClick={[Function]}
                onMouseMove={[Function]}
                onTouchEnd={[Function]}
                onTouchMove={[Function]}
                style={
                  Object {
                    "cursor": "inherit",
                    "display": "inline-block",
                    "position": "relative",
                  }
                }
              >
                <span
                  style={Object {}}
                >
                  <span
                    className="fa fa-star-o medium"
                  />
                </span>
                <span
                  style={
                    Object {
                      "display": "inline-block",
                      "left": 0,
                      "overflow": "hidden",
                      "position": "absolute",
                      "top": 0,
                      "width": "0%",
                    }
                  }
                >
                  <span
                    className="fa fa-star medium"
                  />
                </span>
              </span>
              <span
                onClick={[Function]}
                onMouseMove={[Function]}
                onTouchEnd={[Function]}
                onTouchMove={[Function]}
                style={
                  Object {
                    "cursor": "inherit",
                    "display": "inline-block",
                    "position": "relative",
                  }
                }
              >
                <span
                  style={Object {}}
                >
                  <span
                    className="fa fa-star-o medium"
                  />
                </span>
                <span
                  style={
                    Object {
                      "display": "inline-block",
                      "left": 0,
                      "overflow": "hidden",
                      "position": "absolute",
                      "top": 0,
                      "width": "0%",
                    }
                  }
                >
                  <span
                    className="fa fa-star medium"
                  />
                </span>
              </span>
              <span
                onClick={[Function]}
                onMouseMove={[Function]}
                onTouchEnd={[Function]}
                onTouchMove={[Function]}
                style={
                  Object {
                    "cursor": "inherit",
                    "display": "inline-block",
                    "position": "relative",
                  }
                }
              >
                <span
                  style={Object {}}
                >
                  <span
                    className="fa fa-star-o medium"
                  />
                </span>
                <span
                  style={
                    Object {
                      "display": "inline-block",
                      "left": 0,
                      "overflow": "hidden",
                      "position": "absolute",
                      "top": 0,
                      "width": "0%",
                    }
                  }
                >
                  <span
                    className="fa fa-star medium"
                  />
                </span>
              </span>
            </span>
          </div>
          <div
            className="description"
            dangerouslySetInnerHTML={
              Object {
                "__html": "",
              }
            }
          />
        </div>
      </div>
    </div>
  </div>
  <div
    className="container"
  >
    <div
      className="flex-grid space-between"
    >
      <div
        className="w-50"
      >
        <h2>
          show.showInfo
        </h2>
        <div
          className="tableRow"
        >
          <div>
            <label>
              show.streamedOn
            </label>
            <span />
          </div>
          <div>
            <label>
              show.schedule
            </label>
            <span />
          </div>
          <div>
            <label>
              show.status
            </label>
            <span />
          </div>
          <div>
            <label>
              show.genres
            </label>
            <span />
          </div>
        </div>
      </div>
      <div
        className="w-50"
      >
        <h2>
          show.staring
        </h2>
        <div
          className="tableRow"
        />
      </div>
    </div>
  </div>
</div>
`;
